Modules list:
-------------
main.o:
    CODE              Offs=000000  Size=000012  Align=00001  Fill=0000
    RODATA            Offs=000000  Size=00000C  Align=00001  Fill=0000
/usr/share/cc65/lib/apple2.lib(_cursor.o):
    BSS               Offs=000000  Size=000001  Align=00001  Fill=0000
/usr/share/cc65/lib/apple2.lib(_hextab.o):
    RODATA            Offs=00000C  Size=000010  Align=00001  Fill=0000
/usr/share/cc65/lib/apple2.lib(_longminstr.o):
    RODATA            Offs=00001C  Size=00000C  Align=00001  Fill=0000
/usr/share/cc65/lib/apple2.lib(_printf.o):
    CODE              Offs=000012  Size=0003A5  Align=00001  Fill=0000
    BSS               Offs=000001  Size=00002B  Align=00001  Fill=0000
    DATA              Offs=000000  Size=000003  Align=00001  Fill=0000
/usr/share/cc65/lib/apple2.lib(addysp.o):
    CODE              Offs=0003B7  Size=00000E  Align=00001  Fill=0000
/usr/share/cc65/lib/apple2.lib(axlong.o):
    CODE              Offs=0003C5  Size=00000D  Align=00001  Fill=0000
/usr/share/cc65/lib/apple2.lib(callmain.o):
    CODE              Offs=0003D2  Size=000017  Align=00001  Fill=0000
    DATA              Offs=000003  Size=000004  Align=00001  Fill=0000
/usr/share/cc65/lib/apple2.lib(cgetc.o):
    CODE              Offs=0003E9  Size=000028  Align=00001  Fill=0000
/usr/share/cc65/lib/apple2.lib(clrscr.o):
/usr/share/cc65/lib/apple2.lib(condes.o):
    CODE              Offs=000411  Size=00000C  Align=00001  Fill=0000
    DATA              Offs=000007  Size=000025  Align=00001  Fill=0000
    ONCE              Offs=000000  Size=00000C  Align=00001  Fill=0000
/usr/share/cc65/lib/apple2.lib(cprintf.o):
    CODE              Offs=00041D  Size=00002A  Align=00001  Fill=0000
    BSS               Offs=00002C  Size=000001  Align=00001  Fill=0000
/usr/share/cc65/lib/apple2.lib(cputc.o):
    CODE              Offs=000447  Size=000043  Align=00001  Fill=0000
/usr/share/cc65/lib/apple2.lib(crt0.o):
    CODE              Offs=00048A  Size=000012  Align=00001  Fill=0000
    RODATA            Offs=000028  Size=000007  Align=00001  Fill=0000
    DATA              Offs=00002C  Size=000003  Align=00001  Fill=0000
    STARTUP           Offs=000000  Size=000034  Align=00001  Fill=0000
    ONCE              Offs=00000C  Size=00006A  Align=00001  Fill=0000
    INIT              Offs=000000  Size=00001D  Align=00001  Fill=0000
/usr/share/cc65/lib/apple2.lib(ctype.o):
    RODATA            Offs=00002F  Size=00008B  Align=00001  Fill=0000
/usr/share/cc65/lib/apple2.lib(ctypemask.o):
    CODE              Offs=00049C  Size=00001E  Align=00001  Fill=0000
/usr/share/cc65/lib/apple2.lib(decsp4.o):
    CODE              Offs=0004BA  Size=00000D  Align=00001  Fill=0000
/usr/share/cc65/lib/apple2.lib(decsp6.o):
    CODE              Offs=0004C7  Size=00000D  Align=00001  Fill=0000
/usr/share/cc65/lib/apple2.lib(exehdr.o):
    EXEHDR            Offs=000000  Size=00003A  Align=00001  Fill=0000
/usr/share/cc65/lib/apple2.lib(gotoxy.o):
    CODE              Offs=0004D4  Size=000011  Align=00001  Fill=0000
/usr/share/cc65/lib/apple2.lib(home.o):
    LOWCODE           Offs=000000  Size=00000A  Align=00001  Fill=0000
/usr/share/cc65/lib/apple2.lib(incsp2.o):
    CODE              Offs=0004E5  Size=000016  Align=00001  Fill=0000
/usr/share/cc65/lib/apple2.lib(lneg.o):
    CODE              Offs=0004FB  Size=00001E  Align=00001  Fill=0000
/usr/share/cc65/lib/apple2.lib(lpush.o):
    CODE              Offs=000519  Size=000021  Align=00001  Fill=0000
/usr/share/cc65/lib/apple2.lib(ltoa.o):
    CODE              Offs=00053A  Size=000095  Align=00001  Fill=0000
/usr/share/cc65/lib/apple2.lib(popa.o):
    CODE              Offs=0005CF  Size=00000C  Align=00001  Fill=0000
/usr/share/cc65/lib/apple2.lib(popptr1.o):
    CODE              Offs=0005DB  Size=00000E  Align=00001  Fill=0000
/usr/share/cc65/lib/apple2.lib(push1.o):
    CODE              Offs=0005E9  Size=000005  Align=00001  Fill=0000
/usr/share/cc65/lib/apple2.lib(pushax.o):
    CODE              Offs=0005EE  Size=00001A  Align=00001  Fill=0000
/usr/share/cc65/lib/apple2.lib(strlen.o):
    CODE              Offs=000608  Size=000016  Align=00001  Fill=0000
/usr/share/cc65/lib/apple2.lib(strlower.o):
    CODE              Offs=00061E  Size=000027  Align=00001  Fill=0000
/usr/share/cc65/lib/apple2.lib(vcprintf.o):
    CODE              Offs=000645  Size=000078  Align=00001  Fill=0000
    DATA              Offs=00002F  Size=000008  Align=00001  Fill=0000
/usr/share/cc65/lib/apple2.lib(vtabz.o):
    LOWCODE           Offs=00000A  Size=00000A  Align=00001  Fill=0000
/usr/share/cc65/lib/apple2.lib(zerobss.o):
    CODE              Offs=0006BD  Size=000023  Align=00001  Fill=0000
/usr/share/cc65/lib/apple2.lib(zeropage.o):
    ZEROPAGE          Offs=000000  Size=00001A  Align=00001  Fill=0000


Segment list:
-------------
Name                   Start     End    Size  Align
----------------------------------------------------
ZEROPAGE              000080  000099  00001A  00001
EXEHDR                0007C9  000802  00003A  00001
STARTUP               000803  000836  000034  00001
LOWCODE               000837  00084A  000014  00001
CODE                  00084B  000F2A  0006E0  00001
RODATA                000F2B  000FE4  0000BA  00001
DATA                  000FE5  00101B  000037  00001
INIT                  00101C  001038  00001D  00001
BSS                   001039  001065  00002D  00001
ONCE                  001039  0010AE  000076  00001


Exports list by name:
---------------------
HOME                      000837 RLA    VTABZ                     000841 RLA    
__BSS_RUN__               001039 RLA    __BSS_SIZE__              00002D REA    
__CONSTRUCTOR_COUNT__     000000 REA    __CONSTRUCTOR_TABLE__     0010AF RLA    
__DESTRUCTOR_COUNT__      000000 REA    __DESTRUCTOR_TABLE__      000FE5 RLA    
__EXEHDR__                000001 REA    __FILETYPE__              000006 REA    
__HIMEM__                 009600 REA    __LCADDR__                00D400 REA    
__LCSIZE__                000C00 REA    __LC_LAST__               00D400 RLA    
__LC_START__              00D400 RLA    __MAIN_LAST__             0010AF RLA    
__MAIN_START__            000803 RLA    __ONCE_LOAD__             001039 RLA    
__ONCE_RUN__              001039 RLA    __ONCE_SIZE__             000076 REA    
__STACKSIZE__             000800 REA    __STARTUP__               000001 REA    
__ctype                   000F5A RLA    __ctypeidx                000F65 RLA    
__hextab                  000F37 RLA    __longminstr              000F47 RLA    
__printf                  000950 RLA    _cgetc                    000C34 RLA    
_clrscr                   000837 RLA    _cprintf                  000C68 RLA    
_cputc                    000C97 RLA    _ltoa                     000D9D RLA    
_main                     00084B RLA    _strlen                   000E53 RLA    
_strlower                 000E69 RLA    _ultoa                    000DDE RLA    
_vcprintf                 000ED8 RLA    addysp                    000C03 RLA    
axlong                    000C10 RLA    axulong                   000C16 RLA    
callmain                  000C1D RLA    ctypemaskdirect           000CEB RLA    
cursor                    001039 RLA    decsp4                    000D05 RLA    
decsp6                    000D12 RLA    donelib                   000C5C RLA    
gotoxy                    000D1F RLA    incsp2                    000D38 RLA    
initlib                   001039 RLA    negeax                    000D46 RLA    
popa                      000E1A RLA    popax                     000D30 RLA    
popptr1                   000E26 RLA    ptr1                      000088 RLZ    
ptr2                      00008A RLZ    ptr3                      00008C RLZ    
push1                     000E34 RLA    pusha0                    000E3B RLA    
pushax                    000E3D RLA    pusheax                   000D6D RLA    
putchardirect             000CCB RLA    regbank                   000094 RLZ    
sp                        000080 RLZ    sreg                      000082 RLZ    
tmp1                      000090 RLZ    zerobss                   000F08 RLA    



Exports list by value:
----------------------
__CONSTRUCTOR_COUNT__     000000 REA    __DESTRUCTOR_COUNT__      000000 REA    
__EXEHDR__                000001 REA    __STARTUP__               000001 REA    
__FILETYPE__              000006 REA    __BSS_SIZE__              00002D REA    
__ONCE_SIZE__             000076 REA    sp                        000080 RLZ    
sreg                      000082 RLZ    ptr1                      000088 RLZ    
ptr2                      00008A RLZ    ptr3                      00008C RLZ    
tmp1                      000090 RLZ    regbank                   000094 RLZ    
__STACKSIZE__             000800 REA    __MAIN_START__            000803 RLA    
HOME                      000837 RLA    _clrscr                   000837 RLA    
VTABZ                     000841 RLA    _main                     00084B RLA    
__printf                  000950 RLA    __LCSIZE__                000C00 REA    
addysp                    000C03 RLA    axlong                    000C10 RLA    
axulong                   000C16 RLA    callmain                  000C1D RLA    
_cgetc                    000C34 RLA    donelib                   000C5C RLA    
_cprintf                  000C68 RLA    _cputc                    000C97 RLA    
putchardirect             000CCB RLA    ctypemaskdirect           000CEB RLA    
decsp4                    000D05 RLA    decsp6                    000D12 RLA    
gotoxy                    000D1F RLA    popax                     000D30 RLA    
incsp2                    000D38 RLA    negeax                    000D46 RLA    
pusheax                   000D6D RLA    _ltoa                     000D9D RLA    
_ultoa                    000DDE RLA    popa                      000E1A RLA    
popptr1                   000E26 RLA    push1                     000E34 RLA    
pusha0                    000E3B RLA    pushax                    000E3D RLA    
_strlen                   000E53 RLA    _strlower                 000E69 RLA    
_vcprintf                 000ED8 RLA    zerobss                   000F08 RLA    
__hextab                  000F37 RLA    __longminstr              000F47 RLA    
__ctype                   000F5A RLA    __ctypeidx                000F65 RLA    
__DESTRUCTOR_TABLE__      000FE5 RLA    __BSS_RUN__               001039 RLA    
__ONCE_LOAD__             001039 RLA    __ONCE_RUN__              001039 RLA    
cursor                    001039 RLA    initlib                   001039 RLA    
__CONSTRUCTOR_TABLE__     0010AF RLA    __MAIN_LAST__             0010AF RLA    
__HIMEM__                 009600 REA    __LCADDR__                00D400 REA    
__LC_LAST__               00D400 RLA    __LC_START__              00D400 RLA    



Imports list:
-------------
HOME (home.o):
    clrscr.o                  apple2/clrscr.s:8
VTABZ (vtabz.o):
    gotoxy.o                  apple2/gotoxy.s:9
    cputc.o                   apple2/cputc.s:13
__BSS_RUN__ ([linker generated]):
    zerobss.o                 common/zerobss.s:8
__BSS_SIZE__ ([linker generated]):
    zerobss.o                 common/zerobss.s:8
__CONSTRUCTOR_COUNT__ ([linker generated]):
    condes.o                  runtime/condes.s:18
__CONSTRUCTOR_TABLE__ ([linker generated]):
    condes.o                  runtime/condes.s:18
__DESTRUCTOR_COUNT__ ([linker generated]):
    condes.o                  runtime/condes.s:19
__DESTRUCTOR_TABLE__ ([linker generated]):
    condes.o                  runtime/condes.s:19
__EXEHDR__ (exehdr.o):
    [linker generated]        /usr/share/cc65/cfg/apple2.cfg:7
__FILETYPE__ ([linker generated]):
    exehdr.o                  apple2/exehdr.s:9
__HIMEM__ ([linker generated]):
    [linker generated]        /usr/share/cc65/cfg/apple2.cfg:18
    [linker generated]        /usr/share/cc65/cfg/apple2.cfg:17
__LCADDR__ ([linker generated]):
    [linker generated]        /usr/share/cc65/cfg/apple2.cfg:19
__LCSIZE__ ([linker generated]):
    [linker generated]        /usr/share/cc65/cfg/apple2.cfg:19
__LC_LAST__ ([linker generated]):
    crt0.o                    apple2/crt0.s:13
__LC_START__ ([linker generated]):
    crt0.o                    apple2/crt0.s:13
__MAIN_LAST__ ([linker generated]):
    exehdr.o                  apple2/exehdr.s:10
__MAIN_START__ ([linker generated]):
    exehdr.o                  apple2/exehdr.s:10
__ONCE_LOAD__ ([linker generated]):
    crt0.o                    apple2/crt0.s:12
__ONCE_RUN__ ([linker generated]):
    [linker generated]        /usr/share/cc65/cfg/apple2.cfg:18
    [linker generated]        /usr/share/cc65/cfg/apple2.cfg:18
__ONCE_SIZE__ ([linker generated]):
    crt0.o                    apple2/crt0.s:12
__STACKSIZE__ ([linker generated]):
    [linker generated]        /usr/share/cc65/cfg/apple2.cfg:18
__STARTUP__ (crt0.o):
    main.o                    src/main.s:13
__ctype (ctype.o):
    ctypemask.o               common/ctypemask.s:23
__ctypeidx (ctype.o):
    ctypemask.o               common/ctypemask.s:24
__hextab (_hextab.o):
    ltoa.o                    common/ltoa.s:10
__longminstr (_longminstr.o):
    ltoa.o                    common/ltoa.s:10
__printf (_printf.o):
    vcprintf.o                conio/vcprintf.s:9
_cgetc (cgetc.o):
    main.o                    src/main.s:16
_clrscr (clrscr.o):
    main.o                    src/main.s:14
_cprintf (cprintf.o):
    main.o                    src/main.s:15
_cputc (cputc.o):
    vcprintf.o                conio/vcprintf.s:9
_ltoa (ltoa.o):
    _printf.o                 common/_printf.s:12
_main (main.o):
    callmain.o                runtime/callmain.s:11
_strlen (strlen.o):
    _printf.o                 common/_printf.s:13
_strlower (strlower.o):
    _printf.o                 common/_printf.s:13
_ultoa (ltoa.o):
    _printf.o                 common/_printf.s:12
_vcprintf (vcprintf.o):
    cprintf.o                 conio/cprintf.s:8
addysp (addysp.o):
    cprintf.o                 conio/cprintf.s:8
axlong (axlong.o):
    _printf.o                 common/_printf.s:11
axulong (axlong.o):
    _printf.o                 common/_printf.s:11
callmain (callmain.o):
    crt0.o                    apple2/crt0.s:11
ctypemaskdirect (ctypemask.o):
    strlower.o                common/strlower.s:14
cursor (_cursor.o):
    cgetc.o                   apple2/cgetc.s:10
decsp4 (decsp4.o):
    lpush.o                   runtime/lpush.s:12
decsp6 (decsp6.o):
    _printf.o                 common/_printf.s:11
donelib (condes.o):
    crt0.o                    apple2/crt0.s:10
gotoxy (gotoxy.o):
    cputc.o                   apple2/cputc.s:13
incsp2 (incsp2.o):
    popptr1.o                 runtime/popptr1.s:8
initlib (condes.o):
    crt0.o                    apple2/crt0.s:10
negeax (lneg.o):
    ltoa.o                    common/ltoa.s:9
popa (popa.o):
    gotoxy.o                  apple2/gotoxy.s:9
popax (incsp2.o):
    ltoa.o                    common/ltoa.s:9
    _printf.o                 common/_printf.s:11
    vcprintf.o                conio/vcprintf.s:8
popptr1 (popptr1.o):
    ltoa.o                    common/ltoa.s:9
    vcprintf.o                conio/vcprintf.s:8
ptr1 (zeropage.o):
    strlower.o                common/strlower.s:13
    popptr1.o                 runtime/popptr1.s:9
    ltoa.o                    common/ltoa.s:11
    _printf.o                 /usr/src/packages/BUILD/asminc/zeropage.inc:12
    zerobss.o                 common/zerobss.s:9
    vcprintf.o                conio/vcprintf.s:10
    cprintf.o                 conio/cprintf.s:9
ptr2 (zeropage.o):
    strlower.o                common/strlower.s:13
    strlen.o                  common/strlen.s:12
    ltoa.o                    common/ltoa.s:11
    _printf.o                 /usr/src/packages/BUILD/asminc/zeropage.inc:12
    vcprintf.o                conio/vcprintf.s:10
ptr3 (zeropage.o):
    ltoa.o                    common/ltoa.s:11
    vcprintf.o                conio/vcprintf.s:10
push1 (push1.o):
    _printf.o                 common/_printf.s:11
pusha0 (pushax.o):
    push1.o                   runtime/push1.s:8
pushax (pushax.o):
    callmain.o                runtime/callmain.s:11
    _printf.o                 common/_printf.s:11
    vcprintf.o                conio/vcprintf.s:8
    cprintf.o                 conio/cprintf.s:8
    main.o                    src/main.s:43
pusheax (lpush.o):
    _printf.o                 common/_printf.s:11
putchardirect (cputc.o):
    cgetc.o                   apple2/cgetc.s:10
regbank (zeropage.o):
    _printf.o                 /usr/src/packages/BUILD/asminc/zeropage.inc:14
sp (zeropage.o):
    decsp4.o                  runtime/decsp4.s:8
    popptr1.o                 runtime/popptr1.s:9
    lpush.o                   runtime/lpush.s:13
    incsp2.o                  runtime/incsp2.s:8
    decsp6.o                  runtime/decsp6.s:8
    addysp.o                  runtime/addysp.s:8
    _printf.o                 /usr/src/packages/BUILD/asminc/zeropage.inc:11
    vcprintf.o                conio/vcprintf.s:10
    pushax.o                  runtime/pushax.s:8
    popa.o                    runtime/popa.s:8
    crt0.o                    /usr/src/packages/BUILD/asminc/zeropage.inc:11
    cprintf.o                 conio/cprintf.s:9
sreg (zeropage.o):
    lneg.o                    runtime/lneg.s:11
    ltoa.o                    common/ltoa.s:11
    lpush.o                   runtime/lpush.s:13
    axlong.o                  runtime/axlong.s:9
    _printf.o                 /usr/src/packages/BUILD/asminc/zeropage.inc:11
tmp1 (zeropage.o):
    ltoa.o                    common/ltoa.s:11
    _printf.o                 /usr/src/packages/BUILD/asminc/zeropage.inc:13
    vcprintf.o                conio/vcprintf.s:10
zerobss (zerobss.o):
    crt0.o                    apple2/crt0.s:11

